// Jest Snapshot v1, https://goo.gl/fbAQLP

exports[`It should render Archives component correctly 1`] = `
<section
  className="css-1t2uajw e1b0l2mg0"
>
  <article>
    <header
      className="css-1qmvt3q e1b0l2mg1"
    >
      <h2>
        <a
          className="css-14pkgp1 e1eiu2pb0"
          href="/articles/archives"
          onClick={[Function]}
          onMouseEnter={[Function]}
        >
          所有文章列表
        </a>
      </h2>
    </header>
    <table
      className="css-mqhuyv e1t91ylz0"
    >
      <tbody
        className="css-0 e1t91ylz1"
      >
        <tr
          className="css-1rp9eqg e1t91ylz2"
        >
          <td
            className="css-z5z8xz e1t91ylz3"
          >
            2017/05/15
          </td>
          <td
            className="css-z5z8xz e1t91ylz3"
          >
            <a
              className="css-n1a5ie ecv7yzj0"
              href="/articles/slug%201"
              onClick={[Function]}
              onMouseEnter={[Function]}
            >
              title 1
            </a>
          </td>
        </tr>
        <tr
          className="css-1rp9eqg e1t91ylz2"
        >
          <td
            className="css-z5z8xz e1t91ylz3"
          >
            2017/05/16
          </td>
          <td
            className="css-z5z8xz e1t91ylz3"
          >
            <a
              className="css-n1a5ie ecv7yzj0"
              href="/articles/slug%202"
              onClick={[Function]}
              onMouseEnter={[Function]}
            >
              title 2
            </a>
          </td>
        </tr>
        <tr
          className="css-1rp9eqg e1t91ylz2"
        >
          <td
            className="css-z5z8xz e1t91ylz3"
          >
            2017/05/17
          </td>
          <td
            className="css-z5z8xz e1t91ylz3"
          >
            <a
              className="css-n1a5ie ecv7yzj0"
              href="/articles/slug%203"
              onClick={[Function]}
              onMouseEnter={[Function]}
            >
              title 3
            </a>
          </td>
        </tr>
      </tbody>
    </table>
  </article>
</section>
`;

exports[`It should render Archives component with empty articles correctly 1`] = `
<section
  className="css-1t2uajw e1b0l2mg0"
>
  <article
    className="css-10ku3cb e14ojn450"
  >
    <div
      className="css-3gwy9c e14ojn451"
    >
      <div
        className="css-1af24su e14ojn452"
      />
      <div
        className="css-hq44oy e14ojn453"
      >
        正在努力讀取中…
      </div>
    </div>
  </article>
</section>
`;
