// Jest Snapshot v1, https://goo.gl/fbAQLP

exports[`It should render Loading component correctly 1`] = `
<article
  className="css-utr3z9 e12b68jo0"
>
  <div
    className="css-9wpwef e12b68jo1"
  >
    <div
      className="css-ihgmx6 e12b68jo2"
    />
    <div
      className="css-1dvu8r5 e12b68jo3"
    >
      正在努力讀取中…
    </div>
  </div>
</article>
`;
