// Jest Snapshot v1, https://goo.gl/fbAQLP

exports[`It should render Loading component correctly 1`] = `
<article
  className="css-10ku3cb e14ojn450"
>
  <div
    className="css-3gwy9c e14ojn451"
  >
    <div
      className="css-1af24su e14ojn452"
    />
    <div
      className="css-hq44oy e14ojn453"
    >
      正在努力讀取中…
    </div>
  </div>
</article>
`;
