// Jest Snapshot v1, https://goo.gl/fbAQLP

exports[`It should render Loading component correctly 1`] = `
<div
  className="Loading__Base-s1d02ruw-0 idafHP"
>
  <div
    className="Loading__LoadingImage-s1d02ruw-1 cjrynz"
  />
  <div
    className="Loading__Message-s1d02ruw-2 fgoCqC"
  >
    正在努力讀取中…
  </div>
</div>
`;
