// Jest Snapshot v1, https://goo.gl/fbAQLP

exports[`It should render Article component correctly 1`] = `
<article
  className="article"
>
  <header>
    <h1>
      <a
        onClick={[Function]}
        style={Object {}}
      >
        title
      </a>
    </h1>
    <ul
      className="Metadata__ItemGroup-dlupfj-0 llqsil"
    >
      <li
        className="Metadata__Item-dlupfj-1 fpRYfi"
      >
        分類：
        <ul
          className="Metadata__Categories-dlupfj-2 CNRul"
        >
          <li
            className="Metadata__Category-dlupfj-3 cJIpQm"
          >
            <a
              className="NormalLink-s877q9z-0 coaBWT"
              onClick={[Function]}
              style={Object {}}
            >
              name
            </a>
          </li>
        </ul>
      </li>
      <li
        className="Metadata__Item-dlupfj-1 fpRYfi"
      >
        發表時間：
        2017/07/09
      </li>
    </ul>
  </header>
  <div
    className="content"
    dangerouslySetInnerHTML={
      Object {
        "__html": "content",
      }
    }
  />
  <div
    className="SocialShare__IconGroup-hghy08-0 gNCtfE"
  />
  <div />
</article>
`;

exports[`It should render Article component correctly when the article is null 1`] = `
<article
  className="article"
>
  <div
    className="Loading__Base-s1d02ruw-0 idafHP"
  >
    <div
      className="Loading__LoadingImage-s1d02ruw-1 cjrynz"
    />
    <div
      className="Loading__Message-s1d02ruw-2 fgoCqC"
    >
      正在努力讀取中…
    </div>
  </div>
</article>
`;
