// Jest Snapshot v1, https://goo.gl/fbAQLP

exports[`It should render RstContent component correctly 1`] = `
.c0 {
  margin-top: 16px;
  font-size: 1.2rem;
  line-height: 1.6rem;
}

<div
  className="rst-content c0"
  dangerouslySetInnerHTML={
    Object {
      "__html": "<div>天氣不錯</div>",
    }
  }
/>
`;
