// Jest Snapshot v1, https://goo.gl/fbAQLP

exports[`It should render Header component correctly 1`] = `
<div
  className="root"
>
  <div
    className="logo"
  />
  <div
    className="title"
  >
    <a
      className="link"
      onClick={[Function]}
      style={Object {}}
    >
      Site Name
    </a>
  </div>
</div>
`;
